// Jest Snapshot v1, https://goo.gl/fbAQLP

exports[`pruebas en <AddCategory/> debe de mostrarse correctamente 1`] = `
<form
  onSubmit={[Function]}
>
  <h2>
    Add Category
  </h2>
  <input
    name="cat"
    onChange={[Function]}
    type="text"
    value=""
  />
</form>
`;
